GAS LISTING C:\Temp/ccbGUlPh.s 			page 1


   1               		.file	"malloc.c"
   2               	__SREG__ = 0x3f
   3               	__SP_H__ = 0x3e
   4               	__SP_L__ = 0x3d
   5               	__CCP__  = 0x34
   6               	__tmp_reg__ = 0
   7               	__zero_reg__ = 1
   8               		.global __do_copy_data
   9               		.global __do_clear_bss
  10               		.text
  11               	.global	free
  12               		.type	free, @function
  13               	free:
  14               	/* prologue: function */
  15               	/* frame size = 0 */
  16 0000 BC01      		movw r22,r24
  17 0002 80E0      		ldi r24,lo8(heapFreeList)
  18 0004 90E0      		ldi r25,hi8(heapFreeList)
  19 0006 0E94 0000 		call NutHeapRootFree
  20               	/* epilogue start */
  21 000a 0895      		ret
  22               		.size	free, .-free
  23               	.global	malloc
  24               		.type	malloc, @function
  25               	malloc:
  26               	/* prologue: function */
  27               	/* frame size = 0 */
  28 000c BC01      		movw r22,r24
  29 000e 80E0      		ldi r24,lo8(heapFreeList)
  30 0010 90E0      		ldi r25,hi8(heapFreeList)
  31 0012 0E94 0000 		call NutHeapRootAlloc
  32 0016 9C01      		movw r18,r24
  33 0018 0097      		sbiw r24,0
  34 001a 01F4      		brne .L4
  35 001c 8CE0      		ldi r24,lo8(12)
  36 001e 90E0      		ldi r25,hi8(12)
  37 0020 9093 0000 		sts (errno)+1,r25
  38 0024 8093 0000 		sts errno,r24
  39               	.L4:
  40 0028 C901      		movw r24,r18
  41               	/* epilogue start */
  42 002a 0895      		ret
  43               		.size	malloc, .-malloc
GAS LISTING C:\Temp/ccbGUlPh.s 			page 2


DEFINED SYMBOLS
                            *ABS*:00000000 malloc.c
  C:\Temp/ccbGUlPh.s:2      *ABS*:0000003f __SREG__
  C:\Temp/ccbGUlPh.s:3      *ABS*:0000003e __SP_H__
  C:\Temp/ccbGUlPh.s:4      *ABS*:0000003d __SP_L__
  C:\Temp/ccbGUlPh.s:5      *ABS*:00000034 __CCP__
  C:\Temp/ccbGUlPh.s:6      *ABS*:00000000 __tmp_reg__
  C:\Temp/ccbGUlPh.s:7      *ABS*:00000001 __zero_reg__
  C:\Temp/ccbGUlPh.s:13     .text:00000000 free
  C:\Temp/ccbGUlPh.s:25     .text:0000000c malloc

UNDEFINED SYMBOLS
__do_copy_data
__do_clear_bss
heapFreeList
NutHeapRootFree
NutHeapRootAlloc
errno
