GAS LISTING C:\Temp/ccDT9HrZ.s 			page 1


   1               		.file	"puts_p.c"
   2               	__SREG__ = 0x3f
   3               	__SP_H__ = 0x3e
   4               	__SP_L__ = 0x3d
   5               	__CCP__  = 0x34
   6               	__tmp_reg__ = 0
   7               	__zero_reg__ = 1
   8               		.global __do_copy_data
   9               		.global __do_clear_bss
  10               		.text
  11               	.global	puts_P
  12               		.type	puts_P, @function
  13               	puts_P:
  14               	/* prologue: function */
  15               	/* frame size = 0 */
  16 0000 6091 0000 		lds r22,__iob+2
  17 0004 7091 0000 		lds r23,(__iob+2)+1
  18 0008 0E94 0000 		call fputs_P
  19 000c 8F5F      		subi r24,lo8(-1)
  20 000e 9F4F      		sbci r25,hi8(-1)
  21 0010 01F4      		brne .L2
  22 0012 2FEF      		ldi r18,lo8(-1)
  23 0014 3FEF      		ldi r19,hi8(-1)
  24 0016 00C0      		rjmp .L3
  25               	.L2:
  26 0018 6091 0000 		lds r22,__iob+2
  27 001c 7091 0000 		lds r23,(__iob+2)+1
  28 0020 8AE0      		ldi r24,lo8(10)
  29 0022 90E0      		ldi r25,hi8(10)
  30 0024 0E94 0000 		call fputc
  31 0028 20E0      		ldi r18,lo8(0)
  32 002a 30E0      		ldi r19,hi8(0)
  33               	.L3:
  34 002c C901      		movw r24,r18
  35               	/* epilogue start */
  36 002e 0895      		ret
  37               		.size	puts_P, .-puts_P
GAS LISTING C:\Temp/ccDT9HrZ.s 			page 2


DEFINED SYMBOLS
                            *ABS*:00000000 puts_p.c
  C:\Temp/ccDT9HrZ.s:2      *ABS*:0000003f __SREG__
  C:\Temp/ccDT9HrZ.s:3      *ABS*:0000003e __SP_H__
  C:\Temp/ccDT9HrZ.s:4      *ABS*:0000003d __SP_L__
  C:\Temp/ccDT9HrZ.s:5      *ABS*:00000034 __CCP__
  C:\Temp/ccDT9HrZ.s:6      *ABS*:00000000 __tmp_reg__
  C:\Temp/ccDT9HrZ.s:7      *ABS*:00000001 __zero_reg__
  C:\Temp/ccDT9HrZ.s:13     .text:00000000 puts_P

UNDEFINED SYMBOLS
__do_copy_data
__do_clear_bss
__iob
fputs_P
fputc
