GAS LISTING C:\DOCUME~1\ADMINI~1\LOCALS~1\Temp/ccwmhXoL.s 			page 1


   1               		.file	"ih_twi.c"
   2               	__SREG__ = 0x3f
   3               	__SP_H__ = 0x3e
   4               	__SP_L__ = 0x3d
   5               	__CCP__  = 0x34
   6               	__tmp_reg__ = 0
   7               	__zero_reg__ = 1
   8               		.text
   9               		.type	AvrTwiIrqCtl, @function
  10               	AvrTwiIrqCtl:
  11               	/* prologue: function */
  12               	/* frame size = 0 */
  13 0000 9C01      		movw r18,r24
  14 0002 FB01      		movw r30,r22
  15 0004 4091 7400 		lds r20,116
  16 0008 4170      		andi r20,lo8(1)
  17 000a 8091 7400 		lds r24,116
  18 000e 8E7F      		andi r24,lo8(-2)
  19 0010 8093 7400 		sts 116,r24
  20 0014 2031      		cpi r18,16
  21 0016 3105      		cpc r19,__zero_reg__
  22 0018 01F0      		breq .L5
  23 001a 2131      		cpi r18,17
  24 001c 3105      		cpc r19,__zero_reg__
  25 001e 04F4      		brge .L9
  26 0020 2115      		cp r18,__zero_reg__
  27 0022 3105      		cpc r19,__zero_reg__
  28 0024 01F0      		breq .L3
  29 0026 2130      		cpi r18,1
  30 0028 3105      		cpc r19,__zero_reg__
  31 002a 01F4      		brne .L2
  32 002c 00C0      		rjmp .L4
  33               	.L9:
  34 002e 2231      		cpi r18,18
  35 0030 3105      		cpc r19,__zero_reg__
  36 0032 01F0      		breq .L7
  37 0034 2231      		cpi r18,18
  38 0036 3105      		cpc r19,__zero_reg__
  39 0038 04F0      		brlt .L18
  40 003a 2032      		cpi r18,32
  41 003c 3105      		cpc r19,__zero_reg__
  42 003e 01F0      		breq .L19
  43               	.L2:
  44 0040 2FEF      		ldi r18,lo8(-1)
  45 0042 3FEF      		ldi r19,hi8(-1)
  46 0044 00C0      		rjmp .L11
  47               	.L3:
  48 0046 40E0      		ldi r20,lo8(0)
  49               	.L4:
  50 0048 779B      		sbis 46-32,7
  51 004a 00C0      		rjmp .L17
  52               	.L12:
  53 004c 8FB1      		in r24,47-32
  54 004e 00C0      		rjmp .L17
  55               	.L5:
  56 0050 8091 7400 		lds r24,116
  57 0054 87FF      		sbrs r24,7
GAS LISTING C:\DOCUME~1\ADMINI~1\LOCALS~1\Temp/ccwmhXoL.s 			page 2


  58 0056 00C0      		rjmp .L13
  59 0058 81E0      		ldi r24,lo8(1)
  60 005a 90E0      		ldi r25,hi8(1)
  61 005c 9183      		std Z+1,r25
  62 005e 8083      		st Z,r24
  63 0060 00C0      		rjmp .L14
  64               	.L13:
  65 0062 1182      		std Z+1,__zero_reg__
  66 0064 1082      		st Z,__zero_reg__
  67               	.L14:
  68 0066 4423      		tst r20
  69 0068 01F0      		breq .L7
  70 006a 8081      		ld r24,Z
  71 006c 9181      		ldd r25,Z+1
  72 006e 8068      		ori r24,lo8(128)
  73 0070 9183      		std Z+1,r25
  74 0072 8083      		st Z,r24
  75               	.L18:
  76 0074 20E0      		ldi r18,lo8(0)
  77 0076 30E0      		ldi r19,hi8(0)
  78 0078 00C0      		rjmp .L10
  79               	.L19:
  80 007a 80E1      		ldi r24,lo8(16)
  81 007c 90E0      		ldi r25,hi8(16)
  82 007e 9183      		std Z+1,r25
  83 0080 8083      		st Z,r24
  84               	.L17:
  85 0082 20E0      		ldi r18,lo8(0)
  86 0084 30E0      		ldi r19,hi8(0)
  87               	.L11:
  88 0086 4423      		tst r20
  89 0088 01F0      		breq .L15
  90               	.L10:
  91 008a 8091 7400 		lds r24,116
  92 008e 8160      		ori r24,lo8(1)
  93 0090 8093 7400 		sts 116,r24
  94 0094 00C0      		rjmp .L15
  95               	.L7:
  96 0096 20E0      		ldi r18,lo8(0)
  97 0098 30E0      		ldi r19,hi8(0)
  98               	.L15:
  99 009a C901      		movw r24,r18
 100               	/* epilogue start */
 101 009c 0895      		ret
 102               		.size	AvrTwiIrqCtl, .-AvrTwiIrqCtl
 103               	.global	__vector_33
 104               		.type	__vector_33, @function
 105               	__vector_33:
 106 009e 1F92      		push __zero_reg__
 107 00a0 0F92      		push r0
 108 00a2 0FB6      		in r0,__SREG__
 109 00a4 0F92      		push r0
 110 00a6 0BB6      		in r0,91-32
 111 00a8 0F92      		push r0
 112 00aa 1124      		clr __zero_reg__
 113 00ac 2F93      		push r18
 114 00ae 3F93      		push r19
GAS LISTING C:\DOCUME~1\ADMINI~1\LOCALS~1\Temp/ccwmhXoL.s 			page 3


 115 00b0 4F93      		push r20
 116 00b2 5F93      		push r21
 117 00b4 6F93      		push r22
 118 00b6 7F93      		push r23
 119 00b8 8F93      		push r24
 120 00ba 9F93      		push r25
 121 00bc AF93      		push r26
 122 00be BF93      		push r27
 123 00c0 EF93      		push r30
 124 00c2 FF93      		push r31
 125               	/* prologue: Signal */
 126               	/* frame size = 0 */
 127 00c4 80E0      		ldi r24,lo8(sig_2WIRE_SERIAL)
 128 00c6 90E0      		ldi r25,hi8(sig_2WIRE_SERIAL)
 129 00c8 0E94 0000 		call CallHandler
 130               	/* epilogue start */
 131 00cc FF91      		pop r31
 132 00ce EF91      		pop r30
 133 00d0 BF91      		pop r27
 134 00d2 AF91      		pop r26
 135 00d4 9F91      		pop r25
 136 00d6 8F91      		pop r24
 137 00d8 7F91      		pop r23
 138 00da 6F91      		pop r22
 139 00dc 5F91      		pop r21
 140 00de 4F91      		pop r20
 141 00e0 3F91      		pop r19
 142 00e2 2F91      		pop r18
 143 00e4 0F90      		pop r0
 144 00e6 0BBE      		out 91-32,r0
 145 00e8 0F90      		pop r0
 146 00ea 0FBE      		out __SREG__,r0
 147 00ec 0F90      		pop r0
 148 00ee 1F90      		pop __zero_reg__
 149 00f0 1895      		reti
 150               		.size	__vector_33, .-__vector_33
 151               	.global	sig_2WIRE_SERIAL
 152               		.data
 153               		.type	sig_2WIRE_SERIAL, @object
 154               		.size	sig_2WIRE_SERIAL, 6
 155               	sig_2WIRE_SERIAL:
 156 0000 0000      		.word	0
 157 0002 0000      		.word	0
 158 0004 0000      		.word	gs(AvrTwiIrqCtl)
 159               	.global __do_copy_data
GAS LISTING C:\DOCUME~1\ADMINI~1\LOCALS~1\Temp/ccwmhXoL.s 			page 4


DEFINED SYMBOLS
                            *ABS*:00000000 ih_twi.c
C:\DOCUME~1\ADMINI~1\LOCALS~1\Temp/ccwmhXoL.s:2      *ABS*:0000003f __SREG__
C:\DOCUME~1\ADMINI~1\LOCALS~1\Temp/ccwmhXoL.s:3      *ABS*:0000003e __SP_H__
C:\DOCUME~1\ADMINI~1\LOCALS~1\Temp/ccwmhXoL.s:4      *ABS*:0000003d __SP_L__
C:\DOCUME~1\ADMINI~1\LOCALS~1\Temp/ccwmhXoL.s:5      *ABS*:00000034 __CCP__
C:\DOCUME~1\ADMINI~1\LOCALS~1\Temp/ccwmhXoL.s:6      *ABS*:00000000 __tmp_reg__
C:\DOCUME~1\ADMINI~1\LOCALS~1\Temp/ccwmhXoL.s:7      *ABS*:00000001 __zero_reg__
C:\DOCUME~1\ADMINI~1\LOCALS~1\Temp/ccwmhXoL.s:10     .text:00000000 AvrTwiIrqCtl
C:\DOCUME~1\ADMINI~1\LOCALS~1\Temp/ccwmhXoL.s:105    .text:0000009e __vector_33
C:\DOCUME~1\ADMINI~1\LOCALS~1\Temp/ccwmhXoL.s:155    .data:00000000 sig_2WIRE_SERIAL

UNDEFINED SYMBOLS
CallHandler
__do_copy_data
