GAS LISTING C:\DOCUME~1\ADMINI~1\LOCALS~1\Temp/cc2aECAg.s 			page 1


   1               		.file	"fwrite_p.c"
   2               	__SREG__ = 0x3f
   3               	__SP_H__ = 0x3e
   4               	__SP_L__ = 0x3d
   5               	__CCP__  = 0x34
   6               	__tmp_reg__ = 0
   7               	__zero_reg__ = 1
   8               		.text
   9               	.global	fwrite_P
  10               		.type	fwrite_P, @function
  11               	fwrite_P:
  12 0000 CF93      		push r28
  13 0002 DF93      		push r29
  14               	/* prologue: function */
  15               	/* frame size = 0 */
  16 0004 DC01      		movw r26,r24
  17 0006 EB01      		movw r28,r22
  18 0008 F901      		movw r30,r18
  19 000a 6230      		cpi r22,2
  20 000c 7105      		cpc r23,__zero_reg__
  21 000e 00F0      		brlo .L2
  22 0010 CA01      		movw r24,r20
  23 0012 869F      		mul r24,r22
  24 0014 A001      		movw r20,r0
  25 0016 879F      		mul r24,r23
  26 0018 500D      		add r21,r0
  27 001a 969F      		mul r25,r22
  28 001c 500D      		add r21,r0
  29 001e 1124      		clr r1
  30               	.L2:
  31 0020 8081      		ld r24,Z
  32 0022 9181      		ldd r25,Z+1
  33 0024 BD01      		movw r22,r26
  34 0026 0E94 0000 		call _write_P
  35 002a 1816      		cp __zero_reg__,r24
  36 002c 1906      		cpc __zero_reg__,r25
  37 002e 04F0      		brlt .L3
  38 0030 20E0      		ldi r18,lo8(0)
  39 0032 30E0      		ldi r19,hi8(0)
  40 0034 00C0      		rjmp .L4
  41               	.L3:
  42 0036 9C01      		movw r18,r24
  43 0038 C230      		cpi r28,2
  44 003a D105      		cpc r29,__zero_reg__
  45 003c 00F0      		brlo .L4
  46 003e BE01      		movw r22,r28
  47 0040 0E94 0000 		call __udivmodhi4
  48 0044 9B01      		movw r18,r22
  49               	.L4:
  50 0046 C901      		movw r24,r18
  51               	/* epilogue start */
  52 0048 DF91      		pop r29
  53 004a CF91      		pop r28
  54 004c 0895      		ret
  55               		.size	fwrite_P, .-fwrite_P
GAS LISTING C:\DOCUME~1\ADMINI~1\LOCALS~1\Temp/cc2aECAg.s 			page 2


DEFINED SYMBOLS
                            *ABS*:00000000 fwrite_p.c
C:\DOCUME~1\ADMINI~1\LOCALS~1\Temp/cc2aECAg.s:2      *ABS*:0000003f __SREG__
C:\DOCUME~1\ADMINI~1\LOCALS~1\Temp/cc2aECAg.s:3      *ABS*:0000003e __SP_H__
C:\DOCUME~1\ADMINI~1\LOCALS~1\Temp/cc2aECAg.s:4      *ABS*:0000003d __SP_L__
C:\DOCUME~1\ADMINI~1\LOCALS~1\Temp/cc2aECAg.s:5      *ABS*:00000034 __CCP__
C:\DOCUME~1\ADMINI~1\LOCALS~1\Temp/cc2aECAg.s:6      *ABS*:00000000 __tmp_reg__
C:\DOCUME~1\ADMINI~1\LOCALS~1\Temp/cc2aECAg.s:7      *ABS*:00000001 __zero_reg__
C:\DOCUME~1\ADMINI~1\LOCALS~1\Temp/cc2aECAg.s:11     .text:00000000 fwrite_P

UNDEFINED SYMBOLS
_write_P
__udivmodhi4
