GAS LISTING C:\DOCUME~1\ADMINI~1\LOCALS~1\Temp/cc6DDSle.s 			page 1


   1               		.file	"ungetc.c"
   2               	__SREG__ = 0x3f
   3               	__SP_H__ = 0x3e
   4               	__SP_L__ = 0x3d
   5               	__CCP__  = 0x34
   6               	__tmp_reg__ = 0
   7               	__zero_reg__ = 1
   8               		.text
   9               	.global	ungetc
  10               		.type	ungetc, @function
  11               	ungetc:
  12               	/* prologue: function */
  13               	/* frame size = 0 */
  14 0000 9C01      		movw r18,r24
  15 0002 FB01      		movw r30,r22
  16 0004 8481      		ldd r24,Z+4
  17 0006 83FF      		sbrs r24,3
  18 0008 00C0      		rjmp .L2
  19 000a 2FEF      		ldi r18,lo8(-1)
  20 000c 3FEF      		ldi r19,hi8(-1)
  21 000e 00C0      		rjmp .L3
  22               	.L2:
  23 0010 9FEF      		ldi r25,hi8(-1)
  24 0012 2F3F      		cpi r18,lo8(-1)
  25 0014 3907      		cpc r19,r25
  26 0016 01F0      		breq .L3
  27 0018 3683      		std Z+6,r19
  28 001a 2583      		std Z+5,r18
  29 001c 8860      		ori r24,lo8(8)
  30 001e 8483      		std Z+4,r24
  31               	.L3:
  32 0020 C901      		movw r24,r18
  33               	/* epilogue start */
  34 0022 0895      		ret
  35               		.size	ungetc, .-ungetc
GAS LISTING C:\DOCUME~1\ADMINI~1\LOCALS~1\Temp/cc6DDSle.s 			page 2


DEFINED SYMBOLS
                            *ABS*:00000000 ungetc.c
C:\DOCUME~1\ADMINI~1\LOCALS~1\Temp/cc6DDSle.s:2      *ABS*:0000003f __SREG__
C:\DOCUME~1\ADMINI~1\LOCALS~1\Temp/cc6DDSle.s:3      *ABS*:0000003e __SP_H__
C:\DOCUME~1\ADMINI~1\LOCALS~1\Temp/cc6DDSle.s:4      *ABS*:0000003d __SP_L__
C:\DOCUME~1\ADMINI~1\LOCALS~1\Temp/cc6DDSle.s:5      *ABS*:00000034 __CCP__
C:\DOCUME~1\ADMINI~1\LOCALS~1\Temp/cc6DDSle.s:6      *ABS*:00000000 __tmp_reg__
C:\DOCUME~1\ADMINI~1\LOCALS~1\Temp/cc6DDSle.s:7      *ABS*:00000001 __zero_reg__
C:\DOCUME~1\ADMINI~1\LOCALS~1\Temp/cc6DDSle.s:11     .text:00000000 ungetc

NO UNDEFINED SYMBOLS
