GAS LISTING C:\DOCUME~1\ADMINI~1\LOCALS~1\Temp/ccrXViDu.s 			page 1


   1               		.file	"null_ether.c"
   2               	__SREG__ = 0x3f
   3               	__SP_H__ = 0x3e
   4               	__SP_L__ = 0x3d
   5               	__CCP__  = 0x34
   6               	__tmp_reg__ = 0
   7               	__zero_reg__ = 1
   8               		.text
   9               	.global	NullEtherOutput
  10               		.type	NullEtherOutput, @function
  11               	NullEtherOutput:
  12               	/* prologue: function */
  13               	/* frame size = 0 */
  14 0000 80E0      		ldi r24,lo8(0)
  15 0002 90E0      		ldi r25,hi8(0)
  16               	/* epilogue start */
  17 0004 0895      		ret
  18               		.size	NullEtherOutput, .-NullEtherOutput
  19               	.global	NullEtherInit
  20               		.type	NullEtherInit, @function
  21               	NullEtherInit:
  22               	/* prologue: function */
  23               	/* frame size = 0 */
  24 0006 80E0      		ldi r24,lo8(0)
  25 0008 90E0      		ldi r25,hi8(0)
  26               	/* epilogue start */
  27 000a 0895      		ret
  28               		.size	NullEtherInit, .-NullEtherInit
  29               	.global	devNullEther
  30               		.data
  31               		.type	devNullEther, @object
  32               		.size	devNullEther, 35
  33               	devNullEther:
  34 0000 0000      		.word	0
  35 0002 65        		.byte	101
  36 0003 74        		.byte	116
  37 0004 68        		.byte	104
  38 0005 30        		.byte	48
  39 0006 00        		.byte	0
  40 0007 00        		.byte	0
  41 0008 00        		.byte	0
  42 0009 00        		.byte	0
  43 000a 00        		.byte	0
  44 000b 03        		.byte	3
  45 000c 0000      		.word	0
  46 000e 00        		.byte	0
  47 000f 0000      		.word	ifn_eth0
  48 0011 0000      		.word	0
  49 0013 0000      		.word	gs(NullEtherInit)
  50 0015 0000      		.word	0
  51 0017 0000      		.word	0
  52 0019 0000      		.word	0
  53 001b 0000      		.word	0
  54 001d 0000      		.word	0
  55 001f 0000      		.word	0
  56 0021 0000      		.word	0
  57               		.type	ifn_eth0, @object
GAS LISTING C:\DOCUME~1\ADMINI~1\LOCALS~1\Temp/ccrXViDu.s 			page 2


  58               		.size	ifn_eth0, 39
  59               	ifn_eth0:
  60 0023 06        		.byte	6
  61 0024 00        		.byte	0
  62 0025 00        		.byte	0
  63 0026 00        		.byte	0
  64 0027 00        		.byte	0
  65 0028 00        		.byte	0
  66 0029 00        		.byte	0
  67 002a 00        		.byte	0
  68 002b 00        		.byte	0
  69 002c 00        		.byte	0
  70 002d 00        		.byte	0
  71 002e 00        		.byte	0
  72 002f 00        		.byte	0
  73 0030 00        		.byte	0
  74 0031 00        		.byte	0
  75 0032 00        		.byte	0
  76 0033 00        		.byte	0
  77 0034 00        		.byte	0
  78 0035 00        		.byte	0
  79 0036 00        		.byte	0
  80 0037 00        		.byte	0
  81 0038 00        		.byte	0
  82 0039 00        		.byte	0
  83 003a DC05      		.word	1500
  84 003c 0000      		.word	0
  85 003e 0000      		.word	0
  86 0040 0000      		.word	0
  87 0042 0000      		.word	gs(NutEtherInput)
  88 0044 0000      		.word	gs(NullEtherOutput)
  89 0046 0000      		.word	gs(NutEtherOutput)
  90 0048 0000      		.skip 2,0
  91               	.global __do_copy_data
GAS LISTING C:\DOCUME~1\ADMINI~1\LOCALS~1\Temp/ccrXViDu.s 			page 3


DEFINED SYMBOLS
                            *ABS*:00000000 null_ether.c
C:\DOCUME~1\ADMINI~1\LOCALS~1\Temp/ccrXViDu.s:2      *ABS*:0000003f __SREG__
C:\DOCUME~1\ADMINI~1\LOCALS~1\Temp/ccrXViDu.s:3      *ABS*:0000003e __SP_H__
C:\DOCUME~1\ADMINI~1\LOCALS~1\Temp/ccrXViDu.s:4      *ABS*:0000003d __SP_L__
C:\DOCUME~1\ADMINI~1\LOCALS~1\Temp/ccrXViDu.s:5      *ABS*:00000034 __CCP__
C:\DOCUME~1\ADMINI~1\LOCALS~1\Temp/ccrXViDu.s:6      *ABS*:00000000 __tmp_reg__
C:\DOCUME~1\ADMINI~1\LOCALS~1\Temp/ccrXViDu.s:7      *ABS*:00000001 __zero_reg__
C:\DOCUME~1\ADMINI~1\LOCALS~1\Temp/ccrXViDu.s:11     .text:00000000 NullEtherOutput
C:\DOCUME~1\ADMINI~1\LOCALS~1\Temp/ccrXViDu.s:21     .text:00000006 NullEtherInit
C:\DOCUME~1\ADMINI~1\LOCALS~1\Temp/ccrXViDu.s:33     .data:00000000 devNullEther
C:\DOCUME~1\ADMINI~1\LOCALS~1\Temp/ccrXViDu.s:59     .data:00000023 ifn_eth0

UNDEFINED SYMBOLS
NutEtherInput
NutEtherOutput
__do_copy_data
