GAS LISTING C:\DOCUME~1\ADMINI~1\LOCALS~1\Temp/ccMir2OL.s 			page 1


   1               		.file	"igmpout.c"
   2               	__SREG__ = 0x3f
   3               	__SP_H__ = 0x3e
   4               	__SP_L__ = 0x3d
   5               	__CCP__  = 0x34
   6               	__tmp_reg__ = 0
   7               	__zero_reg__ = 1
   8               		.text
   9               	.global	NutIgmpOutput
  10               		.type	NutIgmpOutput, @function
  11               	NutIgmpOutput:
  12 0000 BF92      		push r11
  13 0002 CF92      		push r12
  14 0004 DF92      		push r13
  15 0006 EF92      		push r14
  16 0008 FF92      		push r15
  17 000a 0F93      		push r16
  18 000c 1F93      		push r17
  19 000e CF93      		push r28
  20 0010 DF93      		push r29
  21               	/* prologue: function */
  22               	/* frame size = 0 */
  23 0012 B82E      		mov r11,r24
  24 0014 6A01      		movw r12,r20
  25 0016 7B01      		movw r14,r22
  26 0018 C901      		movw r24,r18
  27 001a 60E4      		ldi r22,lo8(64)
  28 001c 48E0      		ldi r20,lo8(8)
  29 001e 50E0      		ldi r21,hi8(8)
  30 0020 0E94 0000 		call NutNetBufAlloc
  31 0024 EC01      		movw r28,r24
  32 0026 0097      		sbiw r24,0
  33 0028 01F4      		brne .L2
  34 002a 2FEF      		ldi r18,lo8(-1)
  35 002c 3FEF      		ldi r19,hi8(-1)
  36 002e 00C0      		rjmp .L3
  37               	.L2:
  38 0030 0B85      		ldd r16,Y+11
  39 0032 1C85      		ldd r17,Y+12
  40 0034 88E0      		ldi r24,lo8(8)
  41 0036 90E0      		ldi r25,hi8(8)
  42 0038 9E87      		std Y+14,r25
  43 003a 8D87      		std Y+13,r24
  44 003c F801      		movw r30,r16
  45 003e B082      		st Z,r11
  46 0040 1182      		std Z+1,__zero_reg__
  47 0042 C482      		std Z+4,r12
  48 0044 D582      		std Z+5,r13
  49 0046 E682      		std Z+6,r14
  50 0048 F782      		std Z+7,r15
  51 004a 1382      		std Z+3,__zero_reg__
  52 004c 1282      		std Z+2,__zero_reg__
  53 004e 6B85      		ldd r22,Y+11
  54 0050 7C85      		ldd r23,Y+12
  55 0052 4D85      		ldd r20,Y+13
  56 0054 5E85      		ldd r21,Y+14
  57 0056 80E0      		ldi r24,lo8(0)
GAS LISTING C:\DOCUME~1\ADMINI~1\LOCALS~1\Temp/ccMir2OL.s 			page 2


  58 0058 90E0      		ldi r25,hi8(0)
  59 005a 0E94 0000 		call NutIpChkSum
  60 005e F801      		movw r30,r16
  61 0060 9383      		std Z+3,r25
  62 0062 8283      		std Z+2,r24
  63 0064 82E0      		ldi r24,lo8(2)
  64 0066 B701      		movw r22,r14
  65 0068 A601      		movw r20,r12
  66 006a 9E01      		movw r18,r28
  67 006c 0E94 0000 		call NutIpOutput
  68 0070 9C01      		movw r18,r24
  69               	.L3:
  70 0072 C901      		movw r24,r18
  71               	/* epilogue start */
  72 0074 DF91      		pop r29
  73 0076 CF91      		pop r28
  74 0078 1F91      		pop r17
  75 007a 0F91      		pop r16
  76 007c FF90      		pop r15
  77 007e EF90      		pop r14
  78 0080 DF90      		pop r13
  79 0082 CF90      		pop r12
  80 0084 BF90      		pop r11
  81 0086 0895      		ret
  82               		.size	NutIgmpOutput, .-NutIgmpOutput
GAS LISTING C:\DOCUME~1\ADMINI~1\LOCALS~1\Temp/ccMir2OL.s 			page 3


DEFINED SYMBOLS
                            *ABS*:00000000 igmpout.c
C:\DOCUME~1\ADMINI~1\LOCALS~1\Temp/ccMir2OL.s:2      *ABS*:0000003f __SREG__
C:\DOCUME~1\ADMINI~1\LOCALS~1\Temp/ccMir2OL.s:3      *ABS*:0000003e __SP_H__
C:\DOCUME~1\ADMINI~1\LOCALS~1\Temp/ccMir2OL.s:4      *ABS*:0000003d __SP_L__
C:\DOCUME~1\ADMINI~1\LOCALS~1\Temp/ccMir2OL.s:5      *ABS*:00000034 __CCP__
C:\DOCUME~1\ADMINI~1\LOCALS~1\Temp/ccMir2OL.s:6      *ABS*:00000000 __tmp_reg__
C:\DOCUME~1\ADMINI~1\LOCALS~1\Temp/ccMir2OL.s:7      *ABS*:00000001 __zero_reg__
C:\DOCUME~1\ADMINI~1\LOCALS~1\Temp/ccMir2OL.s:11     .text:00000000 NutIgmpOutput

UNDEFINED SYMBOLS
NutNetBufAlloc
NutIpChkSum
NutIpOutput
