GAS LISTING C:\DOCUME~1\ADMINI~1\LOCALS~1\Temp/cckiSvOr.s 			page 1


   1               		.file	"igmp.c"
   2               	__SREG__ = 0x3f
   3               	__SP_H__ = 0x3e
   4               	__SP_L__ = 0x3d
   5               	__CCP__  = 0x34
   6               	__tmp_reg__ = 0
   7               	__zero_reg__ = 1
   8               		.text
   9               		.type	SendIgmpMessage, @function
  10               	SendIgmpMessage:
  11 0000 BF92      		push r11
  12 0002 CF92      		push r12
  13 0004 DF92      		push r13
  14 0006 EF92      		push r14
  15 0008 FF92      		push r15
  16 000a 0F93      		push r16
  17 000c 1F93      		push r17
  18 000e CF93      		push r28
  19 0010 DF93      		push r29
  20               	/* prologue: function */
  21               	/* frame size = 0 */
  22 0012 B62E      		mov r11,r22
  23 0014 6901      		movw r12,r18
  24 0016 7A01      		movw r14,r20
  25 0018 80E0      		ldi r24,lo8(0)
  26 001a 90E0      		ldi r25,hi8(0)
  27 001c 60E4      		ldi r22,lo8(64)
  28 001e 48E0      		ldi r20,lo8(8)
  29 0020 50E0      		ldi r21,hi8(8)
  30 0022 0E94 0000 		call NutNetBufAlloc
  31 0026 EC01      		movw r28,r24
  32 0028 0097      		sbiw r24,0
  33 002a 01F0      		breq .L3
  34 002c 0B85      		ldd r16,Y+11
  35 002e 1C85      		ldd r17,Y+12
  36 0030 88E0      		ldi r24,lo8(8)
  37 0032 90E0      		ldi r25,hi8(8)
  38 0034 9E87      		std Y+14,r25
  39 0036 8D87      		std Y+13,r24
  40 0038 F801      		movw r30,r16
  41 003a B082      		st Z,r11
  42 003c 1182      		std Z+1,__zero_reg__
  43 003e C482      		std Z+4,r12
  44 0040 D582      		std Z+5,r13
  45 0042 E682      		std Z+6,r14
  46 0044 F782      		std Z+7,r15
  47 0046 1382      		std Z+3,__zero_reg__
  48 0048 1282      		std Z+2,__zero_reg__
  49 004a 6B85      		ldd r22,Y+11
  50 004c 7C85      		ldd r23,Y+12
  51 004e 4D85      		ldd r20,Y+13
  52 0050 5E85      		ldd r21,Y+14
  53 0052 80E0      		ldi r24,lo8(0)
  54 0054 90E0      		ldi r25,hi8(0)
  55 0056 0E94 0000 		call NutIpChkSum
  56 005a F801      		movw r30,r16
  57 005c 9383      		std Z+3,r25
GAS LISTING C:\DOCUME~1\ADMINI~1\LOCALS~1\Temp/cckiSvOr.s 			page 2


  58 005e 8283      		std Z+2,r24
  59 0060 82E0      		ldi r24,lo8(2)
  60 0062 40EE      		ldi r20,lo8(369098976)
  61 0064 50E0      		ldi r21,hi8(369098976)
  62 0066 60E0      		ldi r22,hlo8(369098976)
  63 0068 76E1      		ldi r23,hhi8(369098976)
  64 006a 9E01      		movw r18,r28
  65 006c 0E94 0000 		call NutIpOutput
  66               	.L3:
  67               	/* epilogue start */
  68 0070 DF91      		pop r29
  69 0072 CF91      		pop r28
  70 0074 1F91      		pop r17
  71 0076 0F91      		pop r16
  72 0078 FF90      		pop r15
  73 007a EF90      		pop r14
  74 007c DF90      		pop r13
  75 007e CF90      		pop r12
  76 0080 BF90      		pop r11
  77 0082 0895      		ret
  78               		.size	SendIgmpMessage, .-SendIgmpMessage
  79               	.global	NutIgmpLeaveGroup
  80               		.type	NutIgmpLeaveGroup, @function
  81               	NutIgmpLeaveGroup:
  82               	/* prologue: function */
  83               	/* frame size = 0 */
  84 0084 9A01      		movw r18,r20
  85 0086 AB01      		movw r20,r22
  86 0088 67E1      		ldi r22,lo8(23)
  87 008a 0E94 0000 		call SendIgmpMessage
  88               	/* epilogue start */
  89 008e 0895      		ret
  90               		.size	NutIgmpLeaveGroup, .-NutIgmpLeaveGroup
  91               	.global	NutIgmpJoinGroup
  92               		.type	NutIgmpJoinGroup, @function
  93               	NutIgmpJoinGroup:
  94               	/* prologue: function */
  95               	/* frame size = 0 */
  96 0090 9A01      		movw r18,r20
  97 0092 AB01      		movw r20,r22
  98 0094 66E1      		ldi r22,lo8(22)
  99 0096 0E94 0000 		call SendIgmpMessage
 100               	/* epilogue start */
 101 009a 0895      		ret
 102               		.size	NutIgmpJoinGroup, .-NutIgmpJoinGroup
GAS LISTING C:\DOCUME~1\ADMINI~1\LOCALS~1\Temp/cckiSvOr.s 			page 3


DEFINED SYMBOLS
                            *ABS*:00000000 igmp.c
C:\DOCUME~1\ADMINI~1\LOCALS~1\Temp/cckiSvOr.s:2      *ABS*:0000003f __SREG__
C:\DOCUME~1\ADMINI~1\LOCALS~1\Temp/cckiSvOr.s:3      *ABS*:0000003e __SP_H__
C:\DOCUME~1\ADMINI~1\LOCALS~1\Temp/cckiSvOr.s:4      *ABS*:0000003d __SP_L__
C:\DOCUME~1\ADMINI~1\LOCALS~1\Temp/cckiSvOr.s:5      *ABS*:00000034 __CCP__
C:\DOCUME~1\ADMINI~1\LOCALS~1\Temp/cckiSvOr.s:6      *ABS*:00000000 __tmp_reg__
C:\DOCUME~1\ADMINI~1\LOCALS~1\Temp/cckiSvOr.s:7      *ABS*:00000001 __zero_reg__
C:\DOCUME~1\ADMINI~1\LOCALS~1\Temp/cckiSvOr.s:10     .text:00000000 SendIgmpMessage
C:\DOCUME~1\ADMINI~1\LOCALS~1\Temp/cckiSvOr.s:81     .text:00000084 NutIgmpLeaveGroup
C:\DOCUME~1\ADMINI~1\LOCALS~1\Temp/cckiSvOr.s:93     .text:00000090 NutIgmpJoinGroup

UNDEFINED SYMBOLS
NutNetBufAlloc
NutIpChkSum
NutIpOutput
